]0;~/Documents/GitHub/scottreeves10.github.io[?1034hScotts-MacBook-Pro:scottreeves10.github.io scottreeves$ [KScotts-MacBook-Pro:scottreeves10.github.io scottreeves$ ls
About.Rmd			_site.yml			scottreeves10.github.io.Rproj
_site				index.Rmd
]0;~/Documents/GitHub/scottreeves10.github.ioScotts-MacBook-Pro:scottreeves10.github.io scottreeves$ git init
Initialized empty Git repository in /Users/scottreeves/Documents/GitHub/scottreeves10.github.io/.git/
]0;~/Documents/GitHub/scottreeves10.github.ioScotts-MacBook-Pro:scottreeves10.github.io scottreeves$ ls
About.Rmd			_site.yml			scottreeves10.github.io.Rproj
_site				index.Rmd
]0;~/Documents/GitHub/scottreeves10.github.ioScotts-MacBook-Pro:scottreeves10.github.io scottreeves$ cd _site
]0;~/Documents/GitHub/scottreeves10.github.io/_siteScotts-MacBook-Pro:_site scottreeves$ ls
About.html	index.html	site_libs
]0;~/Documents/GitHub/scottreeves10.github.io/_siteScotts-MacBook-Pro:_site scottreeves$ git init
Initialized empty Git repository in /Users/scottreeves/Documents/GitHub/scottreeves10.github.io/_site/.git/
]0;~/Documents/GitHub/scottreeves10.github.io/_siteScotts-MacBook-Pro:_site scottreeves$ git remote add origin https://github.com/scottreeves10/scottreeves10.github.i o.git
]0;~/Documents/GitHub/scottreeves10.github.io/_siteScotts-MacBook-Pro:_site scottreeves$ gist [K[K[Kt push -u origin master
error: src refspec master does not match any.
error: failed to push some refs to 'https://github.com/scottreeves10/scottreeves10.github.io.git'
]0;~/Documents/GitHub/scottreeves10.github.io/_siteScotts-MacBook-Pro:_site scottreeves$ git status
On branch master

Initial commit

Untracked files:
  (use "git add <file>..." to include in what will be committed)

	[31m.gitignore[m
	[31mAbout.html[m
	[31mindex.html[m
	[31msite_libs/[m

nothing added to commit but untracked files present (use "git add" to track)
]0;~/Documents/GitHub/scottreeves10.github.io/_siteScotts-MacBook-Pro:_site scottreeves$ git add .
]0;~/Documents/GitHub/scottreeves10.github.io/_siteScotts-MacBook-Pro:_site scottreeves$ git commit -m "init"
[master (root-commit) 2a74cef] init
 60 files changed, 11159 insertions(+)
 create mode 100644 .gitignore
 create mode 100644 About.html
 create mode 100755 index.html
 create mode 100644 site_libs/bootstrap-3.3.5/css/bootstrap-theme.css
 create mode 100644 site_libs/bootstrap-3.3.5/css/bootstrap-theme.css.map
 create mode 100644 site_libs/bootstrap-3.3.5/css/bootstrap-theme.min.css
 create mode 100644 site_libs/bootstrap-3.3.5/css/bootstrap.css
 create mode 100644 site_libs/bootstrap-3.3.5/css/bootstrap.css.map
 create mode 100644 site_libs/bootstrap-3.3.5/css/bootstrap.min.css
 create mode 100644 site_libs/bootstrap-3.3.5/css/cerulean.min.css
 create mode 100644 site_libs/bootstrap-3.3.5/css/cosmo.min.css
 create mode 100644 site_libs/bootstrap-3.3.5/css/flatly.min.css
 create mode 100644 site_libs/bootstrap-3.3.5/css/fonts/Lato.ttf
 create mode 100644 site_libs/bootstrap-3.3.5/css/fonts/LatoBold.ttf
 create mode 100644 site_libs/bootstrap-3.3.5/css/fonts/LatoItalic.ttf
 create mode 100644 site_libs/bootstrap-3.3.5/css/fonts/NewsCycle.ttf
 create mode 100644 site_libs/bootstrap-3.3.5/css/fonts/NewsCycleBold.ttf
 create mode 100644 site_libs/bootstrap-3.3.5/css/fonts/OpenSans.ttf
 create mode 100644 site_libs/bootstrap-3.3.5/css/fonts/OpenSansBold.ttf
 create mode 100644 site_libs/bootstrap-3.3.5/css/fonts/OpenSansBoldItalic.ttf
 create mode 100644 site_libs/bootstrap-3.3.5/css/fonts/OpenSansItalic.ttf
 create mode 100644 site_libs/bootstrap-3.3.5/css/fonts/OpenSansLight.ttf
 create mode 100644 site_libs/bootstrap-3.3.5/css/fonts/OpenSansLightItalic.ttf
 create mode 100644 site_libs/bootstrap-3.3.5/css/fonts/Raleway.ttf
 create mode 100644 site_libs/bootstrap-3.3.5/css/fonts/RalewayBold.ttf
 create mode 100644 site_libs/bootstrap-3.3.5/css/fonts/Roboto.ttf
 create mode 100644 site_libs/bootstrap-3.3.5/css/fonts/RobotoBold.ttf
 create mode 100644 site_libs/bootstrap-3.3.5/css/fonts/RobotoLight.ttf
 create mode 100644 site_libs/bootstrap-3.3.5/css/fonts/RobotoMedium.ttf
 create mode 100644 site_libs/bootstrap-3.3.5/css/fonts/SourceSansPro.ttf
 create mode 100644 site_libs/bootstrap-3.3.5/css/fonts/SourceSansProBold.ttf
 create mode 100644 site_libs/bootstrap-3.3.5/css/fonts/SourceSansProItalic.ttf
 create mode 100644 site_libs/bootstrap-3.3.5/css/fonts/SourceSansProLight.ttf
 create mode 100644 site_libs/bootstrap-3.3.5/css/fonts/Ubuntu.ttf
 create mode 100644 site_libs/bootstrap-3.3.5/css/journal.min.css
 create mode 100644 site_libs/bootstrap-3.3.5/css/lumen.min.css
 create mode 100644 site_libs/bootstrap-3.3.5/css/paper.min.css
 create mode 100644 site_libs/bootstrap-3.3.5/css/readable.min.css
 create mode 100644 site_libs/bootstrap-3.3.5/css/sandstone.min.css
 create mode 100644 site_libs/bootstrap-3.3.5/css/simplex.min.css
 create mode 100644 site_libs/bootstrap-3.3.5/css/spacelab.min.css
 create mode 100644 site_libs/bootstrap-3.3.5/css/united.min.css
 create mode 100644 site_libs/bootstrap-3.3.5/css/yeti.min.css
 create mode 100644 site_libs/bootstrap-3.3.5/fonts/glyphicons-halflings-regular.eot
 create mode 100644 site_libs/bootstrap-3.3.5/fonts/glyphicons-halflings-regular.svg
 create mode 100644 site_libs/bootstrap-3.3.5/fonts/glyphicons-halflings-regular.ttf
 create mode 100644 site_libs/bootstrap-3.3.5/fonts/glyphicons-halflings-regular.woff
 create mode 100644 site_libs/bootstrap-3.3.5/fonts/glyphicons-halflings-regular.woff2
 create mode 100644 site_libs/bootstrap-3.3.5/js/bootstrap.js
 create mode 100644 site_libs/bootstrap-3.3.5/js/bootstrap.min.js
 create mode 100644 site_libs/bootstrap-3.3.5/js/npm.js
 create mode 100644 site_libs/bootstrap-3.3.5/shim/html5shiv.min.js
 create mode 100644 site_libs/bootstrap-3.3.5/shim/respond.min.js
 create mode 100644 site_libs/highlightjs-9.12.0/default.css
 create mode 100644 site_libs/highlightjs-9.12.0/highlight.js
 create mode 100644 site_libs/highlightjs-9.12.0/textmate.css
 create mode 100644 site_libs/jquery-1.11.3/jquery.min.js
 create mode 100644 site_libs/navigation-1.1/codefolding.js
 create mode 100644 site_libs/navigation-1.1/sourceembed.js
 create mode 100644 site_libs/navigation-1.1/tabsets.js
]0;~/Documents/GitHub/scottreeves10.github.io/_siteScotts-MacBook-Pro:_site scottreeves$ git push -u origin master
Counting objects: 72, done.
Delta compression using up to 8 threads.
Compressing objects:   1% (1/70)   Compressing objects:   2% (2/70)   Compressing objects:   4% (3/70)   Compressing objects:   5% (4/70)   Compressing objects:   7% (5/70)   Compressing objects:   8% (6/70)   Compressing objects:  10% (7/70)   Compressing objects:  11% (8/70)   Compressing objects:  12% (9/70)   Compressing objects:  14% (10/70)   Compressing objects:  15% (11/70)   Compressing objects:  17% (12/70)   Compressing objects:  18% (13/70)   Compressing objects:  20% (14/70)   Compressing objects:  21% (15/70)   Compressing objects:  22% (16/70)   Compressing objects:  24% (17/70)   Compressing objects:  25% (18/70)   Compressing objects:  27% (19/70)   Compressing objects:  28% (20/70)   Compressing objects:  30% (21/70)   Compressing objects:  31% (22/70)   Compressing objects:  32% (23/70)   Compressing objects:  34% (24/70)   Compressing objects:  35% (25/70)   Compressing objects:  37% (26/70)   Compressing objects:  38% (27/70)   Compressing objects:  40% (28/70)   Compressing objects:  41% (29/70)   Compressing objects:  42% (30/70)   Compressing objects:  44% (31/70)   Compressing objects:  45% (32/70)   Compressing objects:  47% (33/70)   Compressing objects:  48% (34/70)   Compressing objects:  50% (35/70)   Compressing objects:  51% (36/70)   Compressing objects:  52% (37/70)   Compressing objects:  54% (38/70)   Compressing objects:  55% (39/70)   Compressing objects:  57% (40/70)   Compressing objects:  58% (41/70)   Compressing objects:  60% (42/70)   Compressing objects:  61% (43/70)   Compressing objects:  62% (44/70)   Compressing objects:  64% (45/70)   Compressing objects:  65% (46/70)   Compressing objects:  67% (47/70)   Compressing objects:  68% (48/70)   Compressing objects:  70% (49/70)   Compressing objects:  71% (50/70)   Compressing objects:  72% (51/70)   Compressing objects:  74% (52/70)   Compressing objects:  75% (53/70)   Compressing objects:  77% (54/70)   Compressing objects:  78% (55/70)   Compressing objects:  80% (56/70)   Compressing objects:  81% (57/70)   Compressing objects:  82% (58/70)   Compressing objects:  84% (59/70)   Compressing objects:  85% (60/70)   Compressing objects:  87% (61/70)   Compressing objects:  88% (62/70)   Compressing objects:  90% (63/70)   Compressing objects:  91% (64/70)   Compressing objects:  92% (65/70)   Compressing objects:  94% (66/70)   Compressing objects:  95% (67/70)   Compressing objects:  97% (68/70)   Compressing objects:  98% (69/70)   Compressing objects: 100% (70/70)   Compressing objects: 100% (70/70), done.
Writing objects:   1% (1/72)   Writing objects:   2% (2/72)   Writing objects:   4% (3/72)   Writing objects:   5% (4/72)   Writing objects:   6% (5/72)   Writing objects:   8% (6/72)   Writing objects:   9% (7/72)   Writing objects:  11% (8/72)   Writing objects:  12% (9/72)   Writing objects:  15% (11/72)   Writing objects:  20% (15/72)   Writing objects:  22% (16/72)   Writing objects:  23% (17/72)   Writing objects:  25% (18/72)   Writing objects:  26% (19/72)   Writing objects:  27% (20/72)   Writing objects:  29% (21/72)   Writing objects:  30% (22/72)   Writing objects:  31% (23/72)   Writing objects:  33% (24/72)   Writing objects:  34% (25/72)   Writing objects:  36% (26/72)   Writing objects:  37% (27/72)   Writing objects:  38% (28/72)   Writing objects:  40% (29/72)   Writing objects:  41% (30/72)   Writing objects:  43% (31/72)   Writing objects:  44% (32/72)   Writing objects:  45% (33/72)   Writing objects:  47% (34/72)   Writing objects:  48% (35/72)   Writing objects:  50% (36/72)   Writing objects:  51% (37/72)   Writing objects:  52% (38/72)   Writing objects:  54% (39/72)   Writing objects:  55% (40/72)   Writing objects:  56% (41/72)   Writing objects:  58% (42/72)   Writing objects:  59% (43/72)   Writing objects:  61% (44/72)   Writing objects:  62% (45/72)   Writing objects:  63% (46/72)   Writing objects:  65% (47/72)   Writing objects:  66% (48/72)   Writing objects:  68% (49/72)   Writing objects:  69% (50/72)   Writing objects:  70% (51/72)   Writing objects:  72% (52/72)   Writing objects:  73% (53/72)   Writing objects:  75% (54/72)   Writing objects:  76% (55/72)   Writing objects:  77% (56/72)   Writing objects:  79% (57/72)   Writing objects:  80% (58/72)   Writing objects:  81% (59/72)   Writing objects:  83% (60/72)   Writing objects:  84% (61/72)   Writing objects:  86% (62/72)   Writing objects:  87% (63/72)   Writing objects:  88% (64/72)   Writing objects:  90% (65/72)   Writing objects:  91% (66/72)   Writing objects:  93% (67/72)   Writing objects:  94% (68/72)   Writing objects:  95% (69/72)   Writing objects:  97% (70/72)   Writing objects:  98% (71/72)   Writing objects: 100% (72/72)   Writing objects: 100% (72/72), 902.56 KiB | 0 bytes/s, done.
Total 72 (delta 15), reused 0 (delta 0)
remote: Resolving deltas:   0% (0/15)   [Kremote: Resolving deltas:   6% (1/15)   [Kremote: Resolving deltas:  13% (2/15)   [Kremote: Resolving deltas: 100% (15/15)   [Kremote: Resolving deltas: 100% (15/15), done.[K
To https://github.com/scottreeves10/scottreeves10.github.io.git
 * [new branch]      master -> master
Branch master set up to track remote branch master from origin.
]0;~/Documents/GitHub/scottreeves10.github.io/_site[?1034hScotts-MacBook-Pro:_site scottreeves$ ls
]0;~/Documents/GitHub/scottreeves10.github.io/_siteScotts-MacBook-Pro:_site scottreeves$ git status
fatal: Unable to read current working directory: No such file or directory
[KScotts-MacBook-Pro:_site scottreeves$ git status
fatal: Unable to read current working directory: No such file or directory
]0;~/Documents/GitHub/scottreeves10.github.io/_siteScotts-MacBook-Pro:_site scottreeves$ git init[K[K[K[K[K[K[K[Kcd ..
bash: cd: ..: No such file or directory
git init
Initialized empty Git repository in /Users/scottreeves/Documents/GitHub/scottreeves10.github.io/.git/
]0;~/Documents/GitHub/scottreeves10.github.ioScotts-MacBook-Pro:scottreeves10.github.io scottreeves$ git remote add origin https://github.com/scottreeves10/scot treeves10.github.io.git
]0;~/Documents/GitHub/scottreeves10.github.ioScotts-MacBook-Pro:scottreeves10.github.io scottreeves$ git status
On branch master

Initial commit

Untracked files:
  (use "git add <file>..." to include in what will be committed)

	[31m.Rhistory[m
	[31m.Rproj.user/[m
	[31m_site.yml[m
	[31mabout.Rmd[m
	[31mindex.Rmd[m
	[31mscottreeves10.github.io.Rproj[m

nothing added to commit but untracked files present (use "git add" to track)
]0;~/Documents/GitHub/scottreeves10.github.ioScotts-MacBook-Pro:scottreeves10.github.io scottreeves$ git pull
remote: Counting objects: 82, done.[K
remote: Compressing objects:   1% (1/62)   [Kremote: Compressing objects:   3% (2/62)   [Kremote: Compressing objects:   4% (3/62)   [Kremote: Compressing objects:   6% (4/62)   [Kremote: Compressing objects:   8% (5/62)   [Kremote: Compressing objects:   9% (6/62)   [Kremote: Compressing objects:  11% (7/62)   [Kremote: Compressing objects:  12% (8/62)   [Kremote: Compressing objects:  14% (9/62)   [Kremote: Compressing objects:  16% (10/62)   [Kremote: Compressing objects:  17% (11/62)   [Kremote: Compressing objects:  19% (12/62)   [Kremote: Compressing objects:  20% (13/62)   [Kremote: Compressing objects:  22% (14/62)   [Kremote: Compressing objects:  24% (15/62)   [Kremote: Compressing objects:  25% (16/62)   [Kremote: Compressing objects:  27% (17/62)   [Kremote: Compressing objects:  29% (18/62)   [Kremote: Compressing objects:  30% (19/62)   [Kremote: Compressing objects:  32% (20/62)   [Kremote: Compressing objects:  33% (21/62)   [Kremote: Compressing objects:  35% (22/62)   [Kremote: Compressing objects:  37% (23/62)   [Kremote: Compressing objects:  38% (24/62)   [Kremote: Compressing objects:  40% (25/62)   [Kremote: Compressing objects:  41% (26/62)   [Kremote: Compressing objects:  43% (27/62)   [Kremote: Compressing objects:  45% (28/62)   [Kremote: Compressing objects:  46% (29/62)   [Kremote: Compressing objects:  48% (30/62)   [Kremote: Compressing objects:  50% (31/62)   [Kremote: Compressing objects:  51% (32/62)   [Kremote: Compressing objects:  53% (33/62)   [Kremote: Compressing objects:  54% (34/62)   [Kremote: Compressing objects:  56% (35/62)   [Kremote: Compressing objects:  58% (36/62)   [Kremote: Compressing objects:  59% (37/62)   [Kremote: Compressing objects:  61% (38/62)   [Kremote: Compressing objects:  62% (39/62)   [Kremote: Compressing objects:  64% (40/62)   [Kremote: Compressing objects:  66% (41/62)   [Kremote: Compressing objects:  67% (42/62)   [Kremote: Compressing objects:  69% (43/62)   [Kremote: Compressing objects:  70% (44/62)   [Kremote: Compressing objects:  72% (45/62)   [Kremote: Compressing objects:  74% (46/62)   [Kremote: Compressing objects:  75% (47/62)   [Kremote: Compressing objects:  77% (48/62)   [Kremote: Compressing objects:  79% (49/62)   [Kremote: Compressing objects:  80% (50/62)   [Kremote: Compressing objects:  82% (51/62)   [Kremote: Compressing objects:  83% (52/62)   [Kremote: Compressing objects:  85% (53/62)   [Kremote: Compressing objects:  87% (54/62)   [Kremote: Compressing objects:  88% (55/62)   [Kremote: Compressing objects:  90% (56/62)   [Kremote: Compressing objects:  91% (57/62)   [Kremote: Compressing objects:  93% (58/62)   [Kremote: Compressing objects:  95% (59/62)   [Kremote: Compressing objects:  96% (60/62)   [Kremote: Compressing objects:  98% (61/62)   [Kremote: Compressing objects: 100% (62/62)   [Kremote: Compressing objects: 100% (62/62), done.[K
Unpacking objects:   1% (1/82)   Unpacking objects:   2% (2/82)   Unpacking objects:   3% (3/82)   Unpacking objects:   4% (4/82)   Unpacking objects:   6% (5/82)   Unpacking objects:   7% (6/82)   Unpacking objects:   8% (7/82)   Unpacking objects:   9% (8/82)   Unpacking objects:  10% (9/82)   Unpacking objects:  12% (10/82)   Unpacking objects:  13% (11/82)   Unpacking objects:  14% (12/82)   Unpacking objects:  15% (13/82)   Unpacking objects:  17% (14/82)   Unpacking objects:  18% (15/82)   Unpacking objects:  19% (16/82)   Unpacking objects:  20% (17/82)   Unpacking objects:  21% (18/82)   Unpacking objects:  23% (19/82)   Unpacking objects:  24% (20/82)   Unpacking objects:  25% (21/82)   Unpacking objects:  26% (22/82)   Unpacking objects:  28% (23/82)   Unpacking objects:  29% (24/82)   Unpacking objects:  30% (25/82)   Unpacking objects:  31% (26/82)   Unpacking objects:  32% (27/82)   Unpacking objects:  34% (28/82)   Unpacking objects:  35% (29/82)   Unpacking objects:  36% (30/82)   Unpacking objects:  37% (31/82)   Unpacking objects:  39% (32/82)   Unpacking objects:  40% (33/82)   Unpacking objects:  41% (34/82)   Unpacking objects:  42% (35/82)   Unpacking objects:  43% (36/82)   Unpacking objects:  45% (37/82)   Unpacking objects:  46% (38/82)   Unpacking objects:  47% (39/82)   Unpacking objects:  48% (40/82)   Unpacking objects:  50% (41/82)   Unpacking objects:  51% (42/82)   Unpacking objects:  52% (43/82)   Unpacking objects:  53% (44/82)   Unpacking objects:  54% (45/82)   Unpacking objects:  56% (46/82)   Unpacking objects:  57% (47/82)   Unpacking objects:  58% (48/82)   Unpacking objects:  59% (49/82)   Unpacking objects:  60% (50/82)   Unpacking objects:  62% (51/82)   Unpacking objects:  63% (52/82)   Unpacking objects:  64% (53/82)   Unpacking objects:  65% (54/82)   Unpacking objects:  67% (55/82)   Unpacking objects:  68% (56/82)   Unpacking objects:  69% (57/82)   Unpacking objects:  70% (58/82)   Unpacking objects:  71% (59/82)   Unpacking objects:  73% (60/82)   Unpacking objects:  74% (61/82)   Unpacking objects:  75% (62/82)   Unpacking objects:  76% (63/82)   remote: Total 82 (delta 21), reused 75 (delta 17), pack-reused 0[K
Unpacking objects:  78% (64/82)   Unpacking objects:  79% (65/82)   Unpacking objects:  80% (66/82)   Unpacking objects:  81% (67/82)   Unpacking objects:  82% (68/82)   Unpacking objects:  84% (69/82)   Unpacking objects:  85% (70/82)   Unpacking objects:  86% (71/82)   Unpacking objects:  87% (72/82)   Unpacking objects:  89% (73/82)   Unpacking objects:  90% (74/82)   Unpacking objects:  91% (75/82)   Unpacking objects:  92% (76/82)   Unpacking objects:  93% (77/82)   Unpacking objects:  95% (78/82)   Unpacking objects:  96% (79/82)   Unpacking objects:  97% (80/82)   Unpacking objects:  98% (81/82)   Unpacking objects: 100% (82/82)   Unpacking objects: 100% (82/82), done.
From https://github.com/scottreeves10/scottreeves10.github.io
 * [new branch]      master     -> origin/master
There is no tracking information for the current branch.
Please specify which branch you want to merge with.
See git-pull(1) for details.

    git pull <remote> <branch>

If you wish to set tracking information for this branch you can do so with:

    git branch --set-upstream-to=origin/<branch> master

]0;~/Documents/GitHub/scottreeves10.github.ioScotts-MacBook-Pro:scottreeves10.github.io scottreeves$ gist [K[K[Kt status
On branch master

Initial commit

Untracked files:
  (use "git add <file>..." to include in what will be committed)

	[31m.Rhistory[m
	[31m.Rproj.user/[m
	[31m_site.yml[m
	[31mabout.Rmd[m
	[31mindex.Rmd[m
	[31mscottreeves10.github.io.Rproj[m

nothing added to commit but untracked files present (use "git add" to track)
]0;~/Documents/GitHub/scottreeves10.github.ioScotts-MacBook-Pro:scottreeves10.github.io scottreeves$ git add .
]0;~/Documents/GitHub/scottreeves10.github.ioScotts-MacBook-Pro:scottreeves10.github.io scottreeves$ git status
On branch master

Initial commit

Changes to be committed:
  (use "git rm --cached <file>..." to unstage)

	[32mnew file:   .Rhistory[m
	[32mnew file:   .Rproj.user/2CDBAB3/build_options[m
	[32mnew file:   .Rproj.user/2CDBAB3/console06/59C68564[m
	[32mnew file:   .Rproj.user/2CDBAB3/console06/59C68564.env[m
	[32mnew file:   .Rproj.user/2CDBAB3/console06/INDEX001[m
	[32mnew file:   .Rproj.user/2CDBAB3/pcs/debug-breakpoints.pper[m
	[32mnew file:   .Rproj.user/2CDBAB3/pcs/files-pane.pper[m
	[32mnew file:   .Rproj.user/2CDBAB3/pcs/source-pane.pper[m
	[32mnew file:   .Rproj.user/2CDBAB3/pcs/windowlayoutstate.pper[m
	[32mnew file:   .Rproj.user/2CDBAB3/pcs/workbench-pane.pper[m
	[32mnew file:   .Rproj.user/2CDBAB3/persistent-state[m
	[32mnew file:   .Rproj.user/2CDBAB3/rmd-outputs[m
	[32mnew file:   .Rproj.user/2CDBAB3/saved_source_markers[m
	[32mnew file:   .Rproj.user/2CDBAB3/sources/prop/426D0B[m
	[32mnew file:   .Rproj.user/2CDBAB3/sources/prop/6E8C1229[m
	[32mnew file:   .Rproj.user/2CDBAB3/sources/prop/83CBFF89[m
	[32mnew file:   .Rproj.user/2CDBAB3/sources/prop/9E3E046B[m
	[32mnew file:   .Rproj.user/2CDBAB3/sources/prop/E40B9FBC[m
	[32mnew file:   .Rproj.user/2CDBAB3/sources/prop/FB90F5CE[m
	[32mnew file:   .Rproj.user/2CDBAB3/sources/prop/INDEX[m
	[32mnew file:   .Rproj.user/2CDBAB3/sources/s-E5565788/83359BF2[m
	[32mnew file:   .Rproj.user/2CDBAB3/sources/s-E5565788/83359BF2-contents[m
	[32mnew file:   .Rproj.user/2CDBAB3/sources/s-E5565788/CAC24F90[m
	[32mnew file:   .Rproj.user/2CDBAB3/sources/s-E5565788/CAC24F90-contents[m
	[32mnew file:   .Rproj.user/2CDBAB3/sources/s-E5565788/lock_file[m
	[32mnew file:   .Rproj.user/shared/notebooks/B874AE99-about/1/s/chunks.json[m
	[32mnew file:   .Rproj.user/shared/notebooks/CFEB6971-index/1/s/chunks.json[m
	[32mnew file:   .Rproj.user/shared/notebooks/E1605519-About/1/s/chunks.json[m
	[32mnew file:   .Rproj.user/shared/notebooks/patch-chunk-names[m
	[32mnew file:   .Rproj.user/shared/notebooks/paths[m
	[32mnew file:   _site.yml[m
	[32mnew file:   about.Rmd[m
	[32mnew file:   index.Rmd[m
	[32mnew file:   scottreeves10.github.io.Rproj[m

Changes not staged for commit:
  (use "git add <file>..." to update what will be committed)
  (use "git checkout -- <file>..." to discard changes in working directory)

	[31mmodified:   .Rproj.user/2CDBAB3/console06/59C68564[m

]0;~/Documents/GitHub/scottreeves10.github.ioScotts-MacBook-Pro:scottreeves10.github.io scottreeves$ git pull
There is no tracking information for the current branch.
Please specify which branch you want to merge with.
See git-pull(1) for details.

    git pull <remote> <branch>

If you wish to set tracking information for this branch you can do so with:

    git branch --set-upstream-to=origin/<branch> master

]0;~/Documents/GitHub/scottreeves10.github.ioScotts-MacBook-Pro:scottreeves10.github.io scottreeves$ git pull origin master
From https://github.com/scottreeves10/scottreeves10.github.io
 * branch            master     -> FETCH_HEAD
]0;~/Documents/GitHub/scottreeves10.github.ioScotts-MacBook-Pro:scottreeves10.github.io scottreeves$ git statsus
git: 'statsus' is not a git command. See 'git --help'.

The most similar command is
	status
]0;~/Documents/GitHub/scottreeves10.github.ioScotts-MacBook-Pro:scottreeves10.github.io scottreeves$ git status
On branch master
Changes to be committed:
  (use "git reset HEAD <file>..." to unstage)

	[32mnew file:   .Rhistory[m
	[32mnew file:   .Rproj.user/2CDBAB3/build_options[m
	[32mnew file:   .Rproj.user/2CDBAB3/console06/59C68564[m
	[32mnew file:   .Rproj.user/2CDBAB3/console06/59C68564.env[m
	[32mnew file:   .Rproj.user/2CDBAB3/console06/INDEX001[m
	[32mnew file:   .Rproj.user/2CDBAB3/pcs/debug-breakpoints.pper[m
	[32mnew file:   .Rproj.user/2CDBAB3/pcs/files-pane.pper[m
	[32mnew file:   .Rproj.user/2CDBAB3/pcs/source-pane.pper[m
	[32mnew file:   .Rproj.user/2CDBAB3/pcs/windowlayoutstate.pper[m
	[32mnew file:   .Rproj.user/2CDBAB3/pcs/workbench-pane.pper[m
	[32mnew file:   .Rproj.user/2CDBAB3/persistent-state[m
	[32mnew file:   .Rproj.user/2CDBAB3/rmd-outputs[m
	[32mnew file:   .Rproj.user/2CDBAB3/saved_source_markers[m
	[32mnew file:   .Rproj.user/2CDBAB3/sources/prop/426D0B[m
	[32mnew file:   .Rproj.user/2CDBAB3/sources/prop/6E8C1229[m
	[32mnew file:   .Rproj.user/2CDBAB3/sources/prop/83CBFF89[m
	[32mnew file:   .Rproj.user/2CDBAB3/sources/prop/9E3E046B[m
	[32mnew file:   .Rproj.user/2CDBAB3/sources/prop/E40B9FBC[m
	[32mnew file:   .Rproj.user/2CDBAB3/sources/prop/FB90F5CE[m
	[32mnew file:   .Rproj.user/2CDBAB3/sources/prop/INDEX[m
	[32mnew file:   .Rproj.user/2CDBAB3/sources/s-E5565788/83359BF2[m
	[32mnew file:   .Rproj.user/2CDBAB3/sources/s-E5565788/83359BF2-contents[m
	[32mnew file:   .Rproj.user/2CDBAB3/sources/s-E5565788/CAC24F90[m
	[32mnew file:   .Rproj.user/2CDBAB3/sources/s-E5565788/CAC24F90-contents[m
	[32mnew file:   .Rproj.user/2CDBAB3/sources/s-E5565788/lock_file[m
	[32mnew file:   .Rproj.user/shared/notebooks/B874AE99-about/1/s/chunks.json[m
	[32mnew file:   .Rproj.user/shared/notebooks/CFEB6971-index/1/s/chunks.json[m
	[32mnew file:   .Rproj.user/shared/notebooks/E1605519-About/1/s/chunks.json[m
	[32mnew file:   .Rproj.user/shared/notebooks/patch-chunk-names[m
	[32mnew file:   .Rproj.user/shared/notebooks/paths[m
	[32mnew file:   _site.yml[m
	[32mnew file:   about.Rmd[m
	[32mnew file:   index.Rmd[m
	[32mnew file:   scottreeves10.github.io.Rproj[m

Changes not staged for commit:
  (use "git add <file>..." to update what will be committed)
  (use "git checkout -- <file>..." to discard changes in working directory)

	[31mmodified:   .Rproj.user/2CDBAB3/console06/59C68564[m

]0;~/Documents/GitHub/scottreeves10.github.ioScotts-MacBook-Pro:scottreeves10.github.io scottreeves$ git push origin master
Everything up-to-date
]0;~/Documents/GitHub/scottreeves10.github.ioScotts-MacBook-Pro:scottreeves10.github.io scottreeves$ git push -u origin master
Branch master set up to track remote branch master from origin.
Everything up-to-date
]0;~/Documents/GitHub/scottreeves10.github.ioScotts-MacBook-Pro:scottreeves10.github.io scottreeves$ [KScotts-MacBook-Pro:scottreeves10.github.io scottreeves$ git status
On branch master
Your branch is up-to-date with 'origin/master'.
Changes to be committed:
  (use "git reset HEAD <file>..." to unstage)

	[32mnew file:   .Rhistory[m
	[32mnew file:   .Rproj.user/2CDBAB3/build_options[m
	[32mnew file:   .Rproj.user/2CDBAB3/console06/59C68564[m
	[32mnew file:   .Rproj.user/2CDBAB3/console06/59C68564.env[m
	[32mnew file:   .Rproj.user/2CDBAB3/console06/INDEX001[m
	[32mnew file:   .Rproj.user/2CDBAB3/pcs/debug-breakpoints.pper[m
	[32mnew file:   .Rproj.user/2CDBAB3/pcs/files-pane.pper[m
	[32mnew file:   .Rproj.user/2CDBAB3/pcs/source-pane.pper[m
	[32mnew file:   .Rproj.user/2CDBAB3/pcs/windowlayoutstate.pper[m
	[32mnew file:   .Rproj.user/2CDBAB3/pcs/workbench-pane.pper[m
	[32mnew file:   .Rproj.user/2CDBAB3/persistent-state[m
	[32mnew file:   .Rproj.user/2CDBAB3/rmd-outputs[m
	[32mnew file:   .Rproj.user/2CDBAB3/saved_source_markers[m
	[32mnew file:   .Rproj.user/2CDBAB3/sources/prop/426D0B[m
	[32mnew file:   .Rproj.user/2CDBAB3/sources/prop/6E8C1229[m
	[32mnew file:   .Rproj.user/2CDBAB3/sources/prop/83CBFF89[m
	[32mnew file:   .Rproj.user/2CDBAB3/sources/prop/9E3E046B[m
	[32mnew file:   .Rproj.user/2CDBAB3/sources/prop/E40B9FBC[m
	[32mnew file:   .Rproj.user/2CDBAB3/sources/prop/FB90F5CE[m
	[32mnew file:   .Rproj.user/2CDBAB3/sources/prop/INDEX[m
	[32mnew file:   .Rproj.user/2CDBAB3/sources/s-E5565788/83359BF2[m
	[32mnew file:   .Rproj.user/2CDBAB3/sources/s-E5565788/83359BF2-contents[m
	[32mnew file:   .Rproj.user/2CDBAB3/sources/s-E5565788/CAC24F90[m
	[32mnew file:   .Rproj.user/2CDBAB3/sources/s-E5565788/CAC24F90-contents[m
	[32mnew file:   .Rproj.user/2CDBAB3/sources/s-E5565788/lock_file[m
	[32mnew file:   .Rproj.user/shared/notebooks/B874AE99-about/1/s/chunks.json[m
	[32mnew file:   .Rproj.user/shared/notebooks/CFEB6971-index/1/s/chunks.json[m
	[32mnew file:   .Rproj.user/shared/notebooks/E1605519-About/1/s/chunks.json[m
	[32mnew file:   .Rproj.user/shared/notebooks/patch-chunk-names[m
	[32mnew file:   .Rproj.user/shared/notebooks/paths[m
	[32mnew file:   _site.yml[m
	[32mnew file:   about.Rmd[m
	[32mnew file:   index.Rmd[m
	[32mnew file:   scottreeves10.github.io.Rproj[m

Changes not staged for commit:
  (use "git add/rm <file>..." to update what will be committed)
  (use "git checkout -- <file>..." to discard changes in working directory)

	[31mmodified:   .Rproj.user/2CDBAB3/console06/59C68564[m
	[31mmodified:   .Rproj.user/2CDBAB3/console06/INDEX001[m
	[31mmodified:   .Rproj.user/2CDBAB3/sources/prop/426D0B[m
	[31mmodified:   .Rproj.user/2CDBAB3/sources/prop/6E8C1229[m
	[31mmodified:   .Rproj.user/2CDBAB3/sources/prop/FB90F5CE[m
	[31mdeleted:    .Rproj.user/2CDBAB3/sources/s-E5565788/83359BF2[m
	[31mmodified:   .Rproj.user/2CDBAB3/sources/s-E5565788/83359BF2-contents[m
	[31mdeleted:    .Rproj.user/2CDBAB3/sources/s-E5565788/CAC24F90[m
	[31mmodified:   .Rproj.user/2CDBAB3/sources/s-E5565788/CAC24F90-contents[m
	[31mmodified:   .Rproj.user/shared/notebooks/B874AE99-about/1/s/chunks.json[m
	[31mmodified:   .Rproj.user/shared/notebooks/CFEB6971-index/1/s/chunks.json[m
	[31mmodified:   .Rproj.user/shared/notebooks/paths[m
	[31mmodified:   _site.yml[m
	[31mmodified:   about.Rmd[m
	[31mmodified:   index.Rmd[m

]0;~/Documents/GitHub/scottreeves10.github.ioScotts-MacBook-Pro:scottreeves10.github.io scottreeves$ git statsus[K[K[Kus
On branch master
Your branch is up-to-date with 'origin/master'.
Changes to be committed:
  (use "git reset HEAD <file>..." to unstage)

	[32mnew file:   .Rhistory[m
	[32mnew file:   .Rproj.user/2CDBAB3/build_options[m
	[32mnew file:   .Rproj.user/2CDBAB3/console06/59C68564[m
	[32mnew file:   .Rproj.user/2CDBAB3/console06/59C68564.env[m
	[32mnew file:   .Rproj.user/2CDBAB3/console06/INDEX001[m
	[32mnew file:   .Rproj.user/2CDBAB3/pcs/debug-breakpoints.pper[m
	[32mnew file:   .Rproj.user/2CDBAB3/pcs/files-pane.pper[m
	[32mnew file:   .Rproj.user/2CDBAB3/pcs/source-pane.pper[m
	[32mnew file:   .Rproj.user/2CDBAB3/pcs/windowlayoutstate.pper[m
	[32mnew file:   .Rproj.user/2CDBAB3/pcs/workbench-pane.pper[m
	[32mnew file:   .Rproj.user/2CDBAB3/persistent-state[m
	[32mnew file:   .Rproj.user/2CDBAB3/rmd-outputs[m
	[32mnew file:   .Rproj.user/2CDBAB3/saved_source_markers[m
	[32mnew file:   .Rproj.user/2CDBAB3/sources/prop/426D0B[m
	[32mnew file:   .Rproj.user/2CDBAB3/sources/prop/6E8C1229[m
	[32mnew file:   .Rproj.user/2CDBAB3/sources/prop/83CBFF89[m
	[32mnew file:   .Rproj.user/2CDBAB3/sources/prop/9E3E046B[m
	[32mnew file:   .Rproj.user/2CDBAB3/sources/prop/E40B9FBC[m
	[32mnew file:   .Rproj.user/2CDBAB3/sources/prop/FB90F5CE[m
	[32mnew file:   .Rproj.user/2CDBAB3/sources/prop/INDEX[m
	[32mnew file:   .Rproj.user/2CDBAB3/sources/s-E5565788/83359BF2[m
	[32mnew file:   .Rproj.user/2CDBAB3/sources/s-E5565788/83359BF2-contents[m
	[32mnew file:   .Rproj.user/2CDBAB3/sources/s-E5565788/CAC24F90[m
	[32mnew file:   .Rproj.user/2CDBAB3/sources/s-E5565788/CAC24F90-contents[m
	[32mnew file:   .Rproj.user/2CDBAB3/sources/s-E5565788/lock_file[m
	[32mnew file:   .Rproj.user/shared/notebooks/B874AE99-about/1/s/chunks.json[m
	[32mnew file:   .Rproj.user/shared/notebooks/CFEB6971-index/1/s/chunks.json[m
	[32mnew file:   .Rproj.user/shared/notebooks/E1605519-About/1/s/chunks.json[m
	[32mnew file:   .Rproj.user/shared/notebooks/patch-chunk-names[m
	[32mnew file:   .Rproj.user/shared/notebooks/paths[m
	[32mnew file:   _site.yml[m
	[32mnew file:   about.Rmd[m
	[32mnew file:   index.Rmd[m
	[32mnew file:   scottreeves10.github.io.Rproj[m

Changes not staged for commit:
  (use "git add/rm <file>..." to update what will be committed)
  (use "git checkout -- <file>..." to discard changes in working directory)

	[31mmodified:   .Rproj.user/2CDBAB3/console06/59C68564[m
	[31mmodified:   .Rproj.user/2CDBAB3/console06/INDEX001[m
	[31mmodified:   .Rproj.user/2CDBAB3/sources/prop/426D0B[m
	[31mmodified:   .Rproj.user/2CDBAB3/sources/prop/6E8C1229[m
	[31mmodified:   .Rproj.user/2CDBAB3/sources/prop/FB90F5CE[m
	[31mdeleted:    .Rproj.user/2CDBAB3/sources/s-E5565788/83359BF2[m
	[31mmodified:   .Rproj.user/2CDBAB3/sources/s-E5565788/83359BF2-contents[m
	[31mdeleted:    .Rproj.user/2CDBAB3/sources/s-E5565788/CAC24F90[m
	[31mmodified:   .Rproj.user/2CDBAB3/sources/s-E5565788/CAC24F90-contents[m
	[31mmodified:   .Rproj.user/shared/notebooks/B874AE99-about/1/s/chunks.json[m
	[31mmodified:   .Rproj.user/shared/notebooks/CFEB6971-index/1/s/chunks.json[m
	[31mmodified:   .Rproj.user/shared/notebooks/paths[m
	[31mmodified:   _site.yml[m
	[31mmodified:   about.Rmd[m
	[31mmodified:   about.html[m
	[31mmodified:   index.Rmd[m
	[31mmodified:   index.html[m

]0;~/Documents/GitHub/scottreeves10.github.ioScotts-MacBook-Pro:scottreeves10.github.io scottreeves$ git add .